---
source: crates/carta/tests/golden_writer.rs
expression: output
---
+----------------------+--------+----+----+
| A                    | B      | C  | D  |
+======================+========+====+====+
| <!-- placeholder --> | \vskip | -  | ok |
|                      |        | -  |    |
+----------------------+--------+----+----+
