---
source: crates/carta/tests/golden_e2e.rs
expression: output
---
FONTS

bold words

italic words

boldthenroman

romanthenitalic

bolditalicpairs

plain bold and italic and both back to plain

nested outer inner still bold done

a font macro called with an explicit empty argument keeps its wrapper:
