---
source: crates/carta/tests/golden_reader.rs
expression: json
---
{"pandoc-api-version":[1,23,1,2],"meta":{},"blocks":[{"t":"Para","c":[{"t":"Str","c":"Text"},{"t":"Note","c":[{"t":"Para","c":[{"t":"Str","c":"an"},{"t":"Space"},{"t":"Str","c":"inline"},{"t":"Space"},{"t":"Str","c":"note"}]}]},{"t":"Space"},{"t":"Str","c":"follows."}]}]}
