---
source: crates/carta/tests/golden_e2e.rs
expression: output
---
[ Para
    [ Str "A"
    , Space
    , Str "paragraph"
    , Space
    , Str "with"
    , Space
    , Str "an"
    , Space
    , Str "inline"
    ]
, CodeBlock ( "" , [] , [] ) "embedded\n"
, Para
    [ Str "region"
    , Space
    , Str "splits"
    , Space
    , Str "around"
    , Space
    , Str "the"
    , Space
    , Str "code"
    , Space
    , Str "block,"
    , Space
    , Str "but"
    , Space
    , Str "a"
    , Space
    , Str "<HTML>raw</HTML>"
    , Space
    , Str "fragment"
    , Space
    , Str "does"
    , Space
    , Str "not."
    ]
]
