---
source: crates/carta/tests/golden_e2e.rs
expression: output
---
+-----------+------------+
| List cell | Quote cell |
+===========+============+
| - one     |   q        |
+-----------+------------+
| h1. plain | a          |
|           |            |
|           |   q        |
|           |            |
|           | b          |
+-----------+------------+
