---
source: crates/carta/tests/golden_e2e.rs
expression: output
---
[ Table
    ( "" , [] , [] )
    (Caption Nothing [])
    [ ( AlignDefault , ColWidthDefault )
    , ( AlignDefault , ColWidthDefault )
    , ( AlignDefault , ColWidthDefault )
    ]
    (TableHead
       ( "" , [] , [] )
       [ Row
           ( "" , [] , [] )
           [ Cell
               ( "" , [] , [] )
               AlignDefault
               (RowSpan 1)
               (ColSpan 1)
               [ Para [ Str "Name" ] ]
           , Cell
               ( "" , [] , [] )
               AlignDefault
               (RowSpan 1)
               (ColSpan 1)
               [ Para [ Str "Kind" ] ]
           , Cell
               ( "" , [] , [] )
               AlignDefault
               (RowSpan 1)
               (ColSpan 1)
               [ Para [ Str "Count" ] ]
           ]
       ])
    [ TableBody
        ( "" , [] , [] )
        (RowHeadColumns 0)
        []
        [ Row
            ( "" , [] , [] )
            [ Cell
                ( "" , [] , [] )
                AlignDefault
                (RowSpan 1)
                (ColSpan 1)
                [ Para [ Str "alpha" ] ]
            , Cell
                ( "" , [] , [] )
                AlignDefault
                (RowSpan 1)
                (ColSpan 1)
                [ Para [ Str "first" ] ]
            , Cell
                ( "" , [] , [] )
                AlignDefault
                (RowSpan 1)
                (ColSpan 1)
                [ Para [ Str "1" ] ]
            ]
        , Row
            ( "" , [] , [] )
            [ Cell
                ( "" , [] , [] )
                AlignDefault
                (RowSpan 1)
                (ColSpan 1)
                [ Para [ Str "beta" ] ]
            , Cell
                ( "" , [] , [] )
                AlignDefault
                (RowSpan 1)
                (ColSpan 1)
                [ Para [ Str "second" ] ]
            , Cell
                ( "" , [] , [] )
                AlignDefault
                (RowSpan 1)
                (ColSpan 1)
                [ Para [ Str "2" ] ]
            ]
        ]
    ]
    (TableFoot
       ( "" , [] , [] )
       [ Row
           ( "" , [] , [] )
           [ Cell
               ( "" , [] , [] )
               AlignDefault
               (RowSpan 1)
               (ColSpan 1)
               [ Para [ Str "total" ] ]
           , Cell
               ( "" , [] , [] ) AlignDefault (RowSpan 1) (ColSpan 1) []
           , Cell
               ( "" , [] , [] )
               AlignDefault
               (RowSpan 1)
               (ColSpan 1)
               [ Para [ Str "3" ] ]
           ]
       ])
, Table
    ( "" , [] , [] )
    (Caption Nothing [])
    [ ( AlignLeft , ColWidth 0.5 )
    , ( AlignRight , ColWidth 0.5 )
    ]
    (TableHead ( "" , [] , [] ) [])
    [ TableBody
        ( "" , [] , [] )
        (RowHeadColumns 0)
        []
        [ Row
            ( "" , [] , [] )
            [ Cell
                ( "" , [] , [] )
                AlignDefault
                (RowSpan 1)
                (ColSpan 1)
                [ Para [ Str "left" , Space , Str "cell" ] ]
            , Cell
                ( "" , [] , [] )
                AlignDefault
                (RowSpan 1)
                (ColSpan 1)
                [ Para [ Str "right" , Space , Str "cell" ] ]
            ]
        ]
    ]
    (TableFoot ( "" , [] , [] ) [])
, Table
    ( "" , [] , [] )
    (Caption Nothing [])
    [ ( AlignDefault , ColWidthDefault )
    , ( AlignDefault , ColWidthDefault )
    ]
    (TableHead ( "" , [] , [] ) [])
    [ TableBody
        ( "" , [] , [] )
        (RowHeadColumns 0)
        []
        [ Row
            ( "" , [] , [] )
            [ Cell
                ( "" , [] , [] )
                AlignDefault
                (RowSpan 1)
                (ColSpan 1)
                [ Para [ Str "a" ] ]
            , Cell
                ( "" , [] , [] )
                AlignDefault
                (RowSpan 1)
                (ColSpan 1)
                [ Para [ Str "b" ] ]
            ]
        , Row
            ( "" , [] , [] )
            [ Cell
                ( "" , [] , [] )
                AlignDefault
                (RowSpan 1)
                (ColSpan 1)
                [ Para [ Str "c" ] ]
            , Cell
                ( "" , [] , [] )
                AlignDefault
                (RowSpan 1)
                (ColSpan 1)
                [ Para [ Str "d" ] ]
            ]
        ]
    ]
    (TableFoot ( "" , [] , [] ) [])
]
