---
source: crates/carta/tests/golden_e2e.rs
expression: output
---
[ BlockQuote
    [ Para
        [ Str "A"
        , Space
        , Str "quoted"
        , Space
        , Str "paragraph"
        , Space
        , Str "with"
        , Space
        , Emph [ Str "emphasis" ]
        , Str "."
        ]
    ]
]
