---
source: crates/carta/tests/golden_reader.rs
expression: json
---
{"pandoc-api-version":[1,23,1,2],"meta":{},"blocks":[{"t":"Para","c":[{"t":"Str","c":"Text"},{"t":"Space"},{"t":"Str","c":"with"},{"t":"Space"},{"t":"Strikeout","c":[{"t":"Str","c":"struck-through"}]},{"t":"Space"},{"t":"Str","c":"words"},{"t":"Space"},{"t":"Str","c":"and"},{"t":"Space"},{"t":"Str","c":"a"},{"t":"Space"},{"t":"Str","c":"trailing"},{"t":"Space"},{"t":"Str","c":"note."}]}]}
