---
source: crates/carta/tests/golden_writer.rs
expression: output
---
{"pandoc-api-version":[1,23,1,2],"meta":{},"blocks":[{"t":"Table","c":[["",[],[]],[null,[]],[[{"t":"AlignDefault"},{"t":"ColWidth","c":0.05555555555555555}],[{"t":"AlignDefault"},{"t":"ColWidth","c":0.1388888888888889}]],[["",[],[]],[[["",[],[]],[[["",[],[]],{"t":"AlignDefault"},1,1,[{"t":"Plain","c":[{"t":"Str","c":"a"}]}]],[["",[],[]],{"t":"AlignDefault"},1,1,[{"t":"Plain","c":[{"t":"Str","c":"b"}]}]]]]]],[[["",[],[]],0,[],[[["",[],[]],[[["",[],[]],{"t":"AlignDefault"},1,1,[{"t":"Plain","c":[{"t":"Str","c":"1"}]}]],[["",[],[]],{"t":"AlignDefault"},1,1,[{"t":"Plain","c":[{"t":"Str","c":"2"}]}]]]]]]],[["",[],[]],[]]]}]}
