---
source: crates/carta/tests/golden_reader.rs
expression: json
---
{"pandoc-api-version":[1,23,1,2],"meta":{},"blocks":[{"t":"Para","c":[{"t":"Str","c":"First"},{"t":"Space"},{"t":"Str","c":"paragraph"},{"t":"Space"},{"t":"Str","c":"with"},{"t":"Space"},{"t":"Str","c":"a"},{"t":"Space"},{"t":"Str","c":"soft"},{"t":"SoftBreak"},{"t":"Str","c":"line"},{"t":"Space"},{"t":"Str","c":"wrap."}]},{"t":"Para","c":[{"t":"Str","c":"Second"},{"t":"Space"},{"t":"Str","c":"with"},{"t":"Space"},{"t":"Str","c":"a"},{"t":"Space"},{"t":"Str","c":"hard"},{"t":"LineBreak"},{"t":"Str","c":"break"},{"t":"Space"},{"t":"Str","c":"and"},{"t":"Space"},{"t":"Str","c":"a"},{"t":"Space"},{"t":"Str","c":"tab."}]}]}
