---
source: crates/carta/tests/golden_e2e.rs
expression: output
---
Symbols and escapes: *x* ≤ *y* ∈ ℝ50%#1.

Fences and scripts:
$\left( {a,b} \right)\left\lbrack {c;d} \right\rbrack\mathfrak{p}^{2}a\_{1}^{2}\sqrt{b + c}\sqrt\[3\]{d}$.

Accents and limits: $\hat{v}\sum\limits\_{i = 1}^{n}i\_{2}$.

<div class="informalequation">

$$\left( \frac{p}{q} \right) = \begin{bmatrix}
1 & 0 \\
0 & 1
\end{bmatrix}$$

</div>

<div class="informalequation">

<sub>3</sub><sup>4</sup>*F*<sub>1</sub><sup>2</sup>

</div>
