---
source: crates/carta/tests/golden_writer.rs
expression: output
---
{
 "cells": [
  {
   "cell_type": "markdown",
   "metadata": {},
   "source": [
    "- [ ] todo\n",
    "- [x] done"
   ],
   "id": "2c49701b-e4f0-463b-8c16-87164dfdb486"
  }
 ],
 "nbformat": 4,
 "nbformat_minor": 5,
 "metadata": {}
}
