---
source: crates/carta/tests/golden_writer.rs
expression: output
---
{"pandoc-api-version":[1,23,1,2],"meta":{},"blocks":[{"t":"BulletList","c":[[{"t":"Para","c":[{"t":"Str","c":"outer"}]},{"t":"BulletList","c":[[{"t":"Plain","c":[{"t":"Str","c":"inner"},{"t":"Space"},{"t":"Str","c":"one"}]}],[{"t":"Plain","c":[{"t":"Str","c":"inner"},{"t":"Space"},{"t":"Str","c":"two"}]}]]}]]}]}
