---
source: crates/carta/tests/golden_writer.rs
expression: output
---
<p><math display="inline" xmlns="http://www.w3.org/1998/Math/MathML"><semantics><mfrac><mi>a</mi><mi>b</mi></mfrac><annotation encoding="application/x-tex">\frac{a}{b}</annotation></semantics></math>
<math display="inline" xmlns="http://www.w3.org/1998/Math/MathML"><semantics><mfrac linethickness="0"><mi>a</mi><mi>b</mi></mfrac><annotation encoding="application/x-tex">\tfrac{a}{b}</annotation></semantics></math>
<math display="inline" xmlns="http://www.w3.org/1998/Math/MathML"><semantics><mfrac><mi>a</mi><mi>b</mi></mfrac><annotation encoding="application/x-tex">\dfrac{a}{b}</annotation></semantics></math></p>
