---
source: crates/carta/tests/golden_writer.rs
expression: output
---
<p><math display="inline" xmlns="http://www.w3.org/1998/Math/MathML"><semantics><mrow><mi>a</mi><mrow><mspace width="0.222em"></mspace><mo stretchy="true" form="prefix">(</mo><mrow><mi mathvariant="normal">mod</mi><mo>⁡</mo></mrow><mspace width="0.222em"></mspace><mi>n</mi><mo stretchy="true" form="postfix">)</mo></mrow></mrow><annotation encoding="application/x-tex">a \pmod{n}</annotation></semantics></math>
<math display="inline" xmlns="http://www.w3.org/1998/Math/MathML"><semantics><mrow><mi>a</mi><mrow><mspace width="0.444em"></mspace><mrow><mi mathvariant="normal">mod</mi><mo>⁡</mo></mrow><mspace width="0.222em"></mspace></mrow><mi>b</mi></mrow><annotation encoding="application/x-tex">a \mod b</annotation></semantics></math>
<math display="inline" xmlns="http://www.w3.org/1998/Math/MathML"><semantics><mrow><mi>a</mi><mrow><mspace width="0.222em"></mspace><mrow><mi mathvariant="normal">mod</mi><mo>⁡</mo></mrow><mspace width="0.222em"></mspace></mrow><mi>b</mi></mrow><annotation encoding="application/x-tex">a \bmod b</annotation></semantics></math>
<math display="inline" xmlns="http://www.w3.org/1998/Math/MathML"><semantics><mrow><mi>a</mi><mrow><mspace width="0.222em"></mspace><mo stretchy="true" form="prefix">(</mo><mi>n</mi><mo stretchy="true" form="postfix">)</mo></mrow></mrow><annotation encoding="application/x-tex">a \pod{n}</annotation></semantics></math></p>
