---
source: crates/carta/tests/golden_reader.rs
expression: json
---
{"pandoc-api-version":[1,23,1,2],"meta":{},"blocks":[{"t":"Para","c":[{"t":"Str","c":"Here"},{"t":"Space"},{"t":"Str","c":"is"},{"t":"Space"},{"t":"Str","c":"a"},{"t":"Space"},{"t":"Str","c":"simple"},{"t":"Space"},{"t":"Str","c":"footnote"},{"t":"Note","c":[{"t":"Para","c":[{"t":"Str","c":"The"},{"t":"Space"},{"t":"Str","c":"footnote"},{"t":"Space"},{"t":"Str","c":"definition"},{"t":"Space"},{"t":"Str","c":"body."}]}]},{"t":"Space"},{"t":"Str","c":"reference."}]}]}
