---
source: crates/carta/tests/golden_reader.rs
expression: json
---
{"pandoc-api-version":[1,23,1,2],"meta":{},"blocks":[{"t":"Para","c":[{"t":"Str","c":"Widths:"}]},{"t":"Table","c":[["",[],[]],[null,[]],[[{"t":"AlignLeft"},{"t":"ColWidth","c":0.21413276231263384}],[{"t":"AlignCenter"},{"t":"ColWidth","c":0.32119914346895073}],[{"t":"AlignRight"},{"t":"ColWidth","c":0.4282655246252677}]],[["",[],[]],[[["",[],[]],[[["",[],[]],{"t":"AlignDefault"},1,1,[{"t":"Plain","c":[{"t":"Str","c":"A"}]}]],[["",[],[]],{"t":"AlignDefault"},1,1,[{"t":"Plain","c":[{"t":"Str","c":"B"}]}]],[["",[],[]],{"t":"AlignDefault"},1,1,[{"t":"Plain","c":[{"t":"Str","c":"C"}]}]]]]]],[[["",[],[]],0,[],[[["",[],[]],[[["",[],[]],{"t":"AlignLeft"},1,1,[{"t":"Plain","c":[{"t":"Str","c":"1"}]}]],[["",[],[]],{"t":"AlignCenter"},1,1,[{"t":"Plain","c":[{"t":"Str","c":"2"}]}]],[["",[],[]],{"t":"AlignRight"},1,1,[{"t":"Plain","c":[{"t":"Str","c":"3"}]}]]]]]]],[["",[],[]],[]]]},{"t":"Para","c":[{"t":"Str","c":"Done."}]}]}
