---
source: crates/carta/tests/golden_e2e.rs
expression: output
---
<span id="dash-and-plus"></span>
= DASH AND PLUS =

* Dash bullet.
* Plus bullet.

<span id="parenthesized"></span>
= PARENTHESIZED =

# First parenthesized.
# Second parenthesized.

<span id="font-markup-and-empty"></span>
= FONT MARKUP AND EMPTY =

; term
: A designator whose font markup is reduced to plain text.
;
: An empty designator yields an empty term.
