---
source: crates/carta/tests/golden_e2e.rs
expression: output
---
Inline raw text and call form in a paragraph.

    An unlabelled raw block
    spanning two lines.

    fn main() {
        println!("hi");
    }

    print(1)

    {r}
    plot(1)

    ,ignore
    fn main() {}

    print(1)

    fn nested() {}

- inline raw

- plain item
