---
source: crates/carta/tests/golden_e2e.rs
expression: output
---
Visit https://example.org/path?q=1 for details, or write to [mailto:me@example.com me@example.com].

A parenthesised reference (https://example.org/page) keeps its bounds.

An address such as [mailto:user@host.co.uk user@host.co.uk] becomes a mail link.
