---
source: crates/carta/tests/golden_reader.rs
expression: json
---
{"pandoc-api-version":[1,23,1,2],"meta":{},"blocks":[{"t":"Para","c":[{"t":"Str","c":"The"},{"t":"Space"},{"t":"Str","c":"HTML"},{"t":"Space"},{"t":"Str","c":"spec"},{"t":"Space"},{"t":"Str","c":"is"},{"t":"Space"},{"t":"Str","c":"maintained"},{"t":"Space"},{"t":"Str","c":"by"},{"t":"Space"},{"t":"Str","c":"the"},{"t":"Space"},{"t":"Str","c":"W3C."}]}]}
