---
source: crates/carta/tests/golden_reader.rs
expression: json
---
{"pandoc-api-version":[1,23,1,2],"meta":{},"blocks":[{"t":"Para","c":[{"t":"Str","c":"First"},{"t":"Space"},{"t":"Str","c":"line"},{"t":"SoftBreak"},{"t":"Str","c":"second"},{"t":"Space"},{"t":"Str","c":"line"},{"t":"Space"},{"t":"Str","c":"of"},{"t":"Space"},{"t":"Str","c":"same"},{"t":"Space"},{"t":"Str","c":"paragraph."}]},{"t":"Para","c":[{"t":"Str","c":"A"},{"t":"Space"},{"t":"Str","c":"new"},{"t":"Space"},{"t":"Str","c":"paragraph"},{"t":"Space"},{"t":"Str","c":"here."}]}]}
