---
source: crates/carta/tests/golden_wrap.rs
expression: output
---
<table>
<thead>
<tr>
<th>k</th>
<th>description</th>
</tr>
</thead>
<tbody>
<tr>
<td>a</td>
<td>this cell holds a deliberately long run of text that cannot fit inside one seventy-two column line and therefore forces a layout decision</td>
</tr>
</tbody>
</table>
