---
source: crates/carta/tests/golden_reader.rs
expression: json
---
{"pandoc-api-version":[1,23,1,2],"meta":{"author":{"t":"MetaInlines","c":[{"t":"Str","c":"Jane"},{"t":"Space"},{"t":"Str","c":"Doe"}]},"date":{"t":"MetaInlines","c":[{"t":"Str","c":"2024-01-01"}]},"title":{"t":"MetaInlines","c":[{"t":"Str","c":"The"},{"t":"Space"},{"t":"Str","c":"Document"},{"t":"Space"},{"t":"Str","c":"Title"}]}},"blocks":[{"t":"Para","c":[{"t":"Str","c":"The"},{"t":"Space"},{"t":"Str","c":"body"},{"t":"Space"},{"t":"Str","c":"begins"},{"t":"Space"},{"t":"Str","c":"here."}]}]}
