---
source: crates/carta/tests/golden_reader.rs
expression: json
---
{"pandoc-api-version":[1,23,1,2],"meta":{},"blocks":[{"t":"Para","c":[{"t":"Str","c":"Before"},{"t":"Space"},{"t":"Str","c":"the"},{"t":"Space"},{"t":"Str","c":"quote."}]},{"t":"BlockQuote","c":[{"t":"Para","c":[{"t":"Str","c":"A"},{"t":"Space"},{"t":"Str","c":"quoted"},{"t":"Space"},{"t":"Str","c":"line."}]},{"t":"Para","c":[{"t":"Str","c":"A"},{"t":"Space"},{"t":"Str","c":"second"},{"t":"Space"},{"t":"Str","c":"quoted"},{"t":"Space"},{"t":"Str","c":"line."}]}]},{"t":"Para","c":[{"t":"Str","c":"After"},{"t":"Space"},{"t":"Str","c":"the"},{"t":"Space"},{"t":"Str","c":"quote."}]}]}
