---
source: crates/carta/tests/golden_e2e.rs
expression: output
---
Arrows: *a* → *b*, *a* ← *b*, *a* ←  \> *b*, *a* ↦ *b*, *a* ↣ *b*,
*a* ↠ *b*.

Long arrows: *a* → *b*, *a* ← *b*, *a* ↔ *b*, *a* ⇒ *b*, *a* ⇐ *b*,
*a* ⇔ *b*.

Order: *a* ≪ *b*, *a* ⋘ *b*, *a* ≫ *b*, *a* ⋙ *b*.

Definitions: *a* ≔ *b*, *a* :  := *b*, *a* ≕ *b*.

Relations: *a* ≠ *b*, *a* ≤ *b*, *a* ≥ *b*, *a* ∼ *b*.

Fences: ⟦*a*⟧ and ∥*a*∥.
