---
source: crates/carta/tests/golden_writer.rs
expression: output
---
[ Table
    ( "" , [] , [] )
    (Caption Nothing [])
    [ ( AlignDefault , ColWidthDefault )
    , ( AlignDefault , ColWidthDefault )
    , ( AlignDefault , ColWidthDefault )
    , ( AlignDefault , ColWidthDefault )
    ]
    (TableHead
       ( "" , [] , [] )
       [ Row
           ( "" , [] , [] )
           [ Cell
               ( "" , [] , [] )
               AlignDefault
               (RowSpan 1)
               (ColSpan 1)
               [ Plain [ Str "A" ] ]
           , Cell
               ( "" , [] , [] )
               AlignDefault
               (RowSpan 1)
               (ColSpan 1)
               [ Plain [ Str "B" ] ]
           , Cell
               ( "" , [] , [] )
               AlignDefault
               (RowSpan 1)
               (ColSpan 1)
               [ Plain [ Str "C" ] ]
           , Cell
               ( "" , [] , [] )
               AlignDefault
               (RowSpan 1)
               (ColSpan 1)
               [ Plain [ Str "D" ] ]
           ]
       ])
    [ TableBody
        ( "" , [] , [] )
        (RowHeadColumns 0)
        []
        [ Row
            ( "" , [] , [] )
            [ Cell
                ( "" , [] , [] )
                AlignDefault
                (RowSpan 1)
                (ColSpan 1)
                [ RawBlock (Format "html") "<!-- placeholder -->" ]
            , Cell
                ( "" , [] , [] )
                AlignDefault
                (RowSpan 1)
                (ColSpan 1)
                [ RawBlock (Format "latex") "\\vskip" ]
            , Cell
                ( "" , [] , [] )
                AlignDefault
                (RowSpan 1)
                (ColSpan 1)
                [ BulletList [ [] , [] ] ]
            , Cell
                ( "" , [] , [] )
                AlignDefault
                (RowSpan 1)
                (ColSpan 1)
                [ Plain [ Str "ok" ] ]
            ]
        ]
    ]
    (TableFoot ( "" , [] , [] ) [])
]
