---
source: crates/carta/tests/golden_reader.rs
expression: json
---
{"pandoc-api-version":[1,23,1,2],"meta":{},"blocks":[{"t":"BulletList","c":[[{"t":"Plain","c":[{"t":"Str","c":"first"},{"t":"Space"},{"t":"Str","c":"item"}]}],[{"t":"Plain","c":[{"t":"Str","c":"second"},{"t":"Space"},{"t":"Str","c":"item"}]}]]},{"t":"OrderedList","c":[[3,{"t":"DefaultStyle"},{"t":"DefaultDelim"}],[[{"t":"Plain","c":[{"t":"Str","c":"third"}]}],[{"t":"Plain","c":[{"t":"Str","c":"fourth"}]}]]]},{"t":"BulletList","c":[[{"t":"Plain","c":[{"t":"Str","c":"outer"}]},{"t":"BulletList","c":[[{"t":"Plain","c":[{"t":"Str","c":"nested"}]}]]}],[{"t":"Plain","c":[{"t":"Str","c":"sibling"}]}]]}]}
