---
source: crates/carta/tests/golden_writer.rs
expression: output
---
{\def\LTcaptype{none} % do not increment counter
\begin{longtable}[]{@{}lll@{}}
\toprule\noalign{}
col1 & col2 & col3 \\
\midrule\noalign{}
\endhead
\bottomrule\noalign{}
\endlastfoot
a & spaced text & trailing  \\
\end{longtable}
}
