---
source: crates/carta/tests/golden_reader.rs
expression: json
---
{"pandoc-api-version":[1,23,1,2],"meta":{},"blocks":[{"t":"CodeBlock","c":[["",["rust"],[]],"fn main() {\n    println!(\"hello\");\n}"]},{"t":"Para","c":[{"t":"Str","c":"A"},{"t":"Space"},{"t":"Str","c":"footnote"},{"t":"Space"},{"t":"Str","c":"reference."},{"t":"Note","c":[{"t":"Para","c":[{"t":"Str","c":"The"},{"t":"Space"},{"t":"Str","c":"footnote"},{"t":"Space"},{"t":"Str","c":"body."}]}]}]}]}
