---
source: crates/carta/tests/golden_reader.rs
expression: json
---
{"pandoc-api-version":[1,23,1,2],"meta":{},"blocks":[{"t":"Para","c":[{"t":"Str","c":"Inline"},{"t":"Space"},{"t":"Str","c":"math"},{"t":"Space"},{"t":"Math","c":[{"t":"InlineMath"},"a^2 + b^2 = c^2"]},{"t":"Space"},{"t":"Str","c":"within"},{"t":"Space"},{"t":"Str","c":"a"},{"t":"Space"},{"t":"Str","c":"sentence."}]},{"t":"Para","c":[{"t":"Math","c":[{"t":"DisplayMath"},"\\int_0^1 x^2 \\, dx = \\frac{1}{3}"]}]}]}
