---
source: crates/carta/tests/golden_reader.rs
expression: json
---
{"pandoc-api-version":[1,23,1,2],"meta":{},"blocks":[{"t":"Para","c":[{"t":"Math","c":[{"t":"DisplayMath"},"\\begin{array}{r}\na = b \\\\\nc = d \\\\\ne = f\n\\end{array}"]}]},{"t":"Para","c":[{"t":"Math","c":[{"t":"DisplayMath"},"\\begin{pmatrix}\n1 & 2 \\\\\n3 & 4\n\\end{pmatrix}"]}]}]}
