---
source: crates/carta/tests/golden_e2e.rs
expression: output
---
[ Header 1 ( "tables" , [] , [] ) [ Str "TABLES" ]
, Table
    ( "" , [] , [] )
    (Caption Nothing [])
    [ ( AlignLeft , ColWidthDefault )
    , ( AlignRight , ColWidthDefault )
    ]
    (TableHead
       ( "" , [] , [] )
       [ Row
           ( "" , [] , [] )
           [ Cell
               ( "" , [] , [] )
               AlignDefault
               (RowSpan 1)
               (ColSpan 1)
               [ Plain [ Str "Name" ] ]
           , Cell
               ( "" , [] , [] )
               AlignDefault
               (RowSpan 1)
               (ColSpan 1)
               [ Plain [ Str "Age" ] ]
           ]
       ])
    [ TableBody
        ( "" , [] , [] )
        (RowHeadColumns 0)
        []
        [ Row
            ( "" , [] , [] )
            [ Cell
                ( "" , [] , [] )
                AlignDefault
                (RowSpan 1)
                (ColSpan 1)
                [ Plain [ Str "Ada" ] ]
            , Cell
                ( "" , [] , [] )
                AlignDefault
                (RowSpan 1)
                (ColSpan 1)
                [ Plain [ Str "36" ] ]
            ]
        , Row
            ( "" , [] , [] )
            [ Cell
                ( "" , [] , [] )
                AlignDefault
                (RowSpan 1)
                (ColSpan 1)
                [ Plain [ Str "Grace" , Space , Str "Hopper" ] ]
            , Cell
                ( "" , [] , [] )
                AlignDefault
                (RowSpan 1)
                (ColSpan 1)
                [ Plain [ Str "85" ] ]
            ]
        ]
    ]
    (TableFoot ( "" , [] , [] ) [])
, Para
    [ Str "A"
    , Space
    , Str "second"
    , Space
    , Str "table"
    , Space
    , Str "without"
    , Space
    , Str "a"
    , Space
    , Str "header"
    , Space
    , Str "rule"
    , Space
    , Str "follows."
    ]
, Table
    ( "" , [] , [] )
    (Caption Nothing [])
    [ ( AlignCenter , ColWidthDefault )
    , ( AlignCenter , ColWidthDefault )
    ]
    (TableHead ( "" , [] , [] ) [])
    [ TableBody
        ( "" , [] , [] )
        (RowHeadColumns 0)
        []
        [ Row
            ( "" , [] , [] )
            [ Cell
                ( "" , [] , [] )
                AlignDefault
                (RowSpan 1)
                (ColSpan 1)
                [ Plain [ Str "Left" ] ]
            , Cell
                ( "" , [] , [] )
                AlignDefault
                (RowSpan 1)
                (ColSpan 1)
                [ Plain [ Str "Right" ] ]
            ]
        , Row
            ( "" , [] , [] )
            [ Cell
                ( "" , [] , [] )
                AlignDefault
                (RowSpan 1)
                (ColSpan 1)
                [ Plain [ Str "one" ] ]
            , Cell
                ( "" , [] , [] )
                AlignDefault
                (RowSpan 1)
                (ColSpan 1)
                [ Plain [ Str "two" ] ]
            ]
        ]
    ]
    (TableFoot ( "" , [] , [] ) [])
, Para
    [ Str "A"
    , Space
    , Str "table"
    , Space
    , Str "with"
    , Space
    , Str "a"
    , Space
    , Str "multi-line"
    , Space
    , Str "text"
    , Space
    , Str "block"
    , Space
    , Str "follows."
    ]
, Table
    ( "" , [] , [] )
    (Caption Nothing [])
    [ ( AlignLeft , ColWidthDefault )
    , ( AlignLeft , ColWidthDefault )
    ]
    (TableHead ( "" , [] , [] ) [])
    [ TableBody
        ( "" , [] , [] )
        (RowHeadColumns 0)
        []
        [ Row
            ( "" , [] , [] )
            [ Cell
                ( "" , [] , [] )
                AlignDefault
                (RowSpan 1)
                (ColSpan 1)
                [ Plain [ Str "Name" ] ]
            , Cell
                ( "" , [] , [] )
                AlignDefault
                (RowSpan 1)
                (ColSpan 1)
                [ Plain
                    [ Str "A"
                    , Space
                    , Str "long"
                    , Space
                    , Str "description"
                    ]
                ]
            ]
        , Row
            ( "" , [] , [] )
            [ Cell
                ( "" , [] , [] )
                AlignDefault
                (RowSpan 1)
                (ColSpan 1)
                [ Plain [ Str "Left" ] ]
            , Cell
                ( "" , [] , [] )
                AlignDefault
                (RowSpan 1)
                (ColSpan 1)
                [ Plain [ Str "Right" ] ]
            ]
        ]
    ]
    (TableFoot ( "" , [] , [] ) [])
, Para
    [ Str "A"
    , Space
    , Str "table"
    , Space
    , Str "with"
    , Space
    , Str "a"
    , Space
    , Str "horizontal"
    , Space
    , Str "span"
    , Space
    , Str "follows."
    ]
, Para [ Str "TABLE" ]
]
