---
source: crates/carta/tests/golden_reader.rs
expression: json
---
{"pandoc-api-version":[1,23,1,2],"meta":{},"blocks":[{"t":"Table","c":[["",[],[]],[null,[]],[[{"t":"AlignDefault"},{"t":"ColWidth","c":0.18055555555555555}],[{"t":"AlignDefault"},{"t":"ColWidth","c":0.18055555555555555}]],[["",[],[]],[[["",[],[]],[[["",[],[]],{"t":"AlignDefault"},1,1,[{"t":"Plain","c":[{"t":"Str","c":"Fruit"}]}]],[["",[],[]],{"t":"AlignDefault"},1,1,[{"t":"Plain","c":[{"t":"Str","c":"Color"}]}]]]]]],[[["",[],[]],0,[],[[["",[],[]],[[["",[],[]],{"t":"AlignDefault"},1,1,[{"t":"Plain","c":[{"t":"Str","c":"Apple"}]}]],[["",[],[]],{"t":"AlignDefault"},1,1,[{"t":"Plain","c":[{"t":"Str","c":"Red"}]}]]]],[["",[],[]],[[["",[],[]],{"t":"AlignDefault"},1,1,[{"t":"Plain","c":[{"t":"Str","c":"Lemon"}]}]],[["",[],[]],{"t":"AlignDefault"},1,1,[{"t":"Plain","c":[{"t":"Str","c":"Yellow"}]}]]]]]]],[["",[],[]],[]]]}]}
