---
source: crates/carta/tests/golden_reader.rs
expression: json
---
{"pandoc-api-version":[1,23,1,2],"meta":{},"blocks":[{"t":"RawBlock","c":["html","<div class=\"note\">raw block</div>\n"]},{"t":"Para","c":[{"t":"Str","c":"An"},{"t":"Space"},{"t":"Str","c":"inline"},{"t":"Space"},{"t":"RawInline","c":["html","<span>fragment</span>"]},{"t":"Space"},{"t":"Str","c":"sits"},{"t":"Space"},{"t":"Str","c":"within"},{"t":"Space"},{"t":"Str","c":"a"},{"t":"Space"},{"t":"Str","c":"paragraph."}]}]}
