---
source: crates/carta/tests/golden_reader.rs
expression: json
---
{"pandoc-api-version":[1,23,1,2],"meta":{},"blocks":[{"t":"Div","c":[["",["meta"],[["description","A short description."],["keywords","one, two"]]],[]]},{"t":"Div","c":[["",["title"],[]],[{"t":"Para","c":[{"t":"Str","c":"A"},{"t":"Space"},{"t":"Str","c":"Document"},{"t":"Space"},{"t":"Str","c":"Title"}]}]]},{"t":"Div","c":[["",["sectnum"],[]],[]]},{"t":"Div","c":[["",["target-notes"],[]],[]]}]}
