---
source: crates/carta/tests/golden_e2e.rs
expression: output
---
[ Para
    [ Str "Emphasis"
    , Space
    , Str "stays"
    , Space
    , Str "literal"
    , Space
    , Str "in"
    , Space
    , Str "\"*quoted"
    , Space
    , Str "emphasis*\""
    , Space
    , Str "and"
    , Space
    , Str "strong"
    , Space
    , Str "in"
    , Space
    , Str "\"**quoted"
    , Space
    , Str "strong**\"."
    ]
, Para
    [ Str "Angle"
    , Space
    , Str "brackets"
    , Space
    , Str "also"
    , Space
    , Str "suppress"
    , Space
    , Str "markup"
    , Space
    , Str "as"
    , Space
    , Str "in"
    , Space
    , Str "<*not"
    , Space
    , Str "emphasis*>."
    ]
, Para
    [ Str "Interpreted"
    , Space
    , Str "text"
    , Space
    , Str "in"
    , Space
    , Str "\"`quoted"
    , Space
    , Str "interpreted"
    , Space
    , Str "text`\""
    , Space
    , Str "stays"
    , Space
    , Str "literal."
    ]
, Para
    [ Str "A"
    , Space
    , Str "phrase"
    , Space
    , Str "reference"
    , Space
    , Str "in"
    , Space
    , Str "\"`quoted"
    , Space
    , Str "phrase`_\""
    , Space
    , Str "and"
    , Space
    , Str "a"
    , Space
    , Str "simple"
    , Space
    , Str "reference"
    , Space
    , Str "in"
    , Space
    , Str "\"link_\""
    , Space
    , Str "stay"
    , Space
    , Str "literal."
    ]
, Para
    [ Str "An"
    , Space
    , Str "inline"
    , Space
    , Str "literal"
    , Space
    , Str "\""
    , Code ( "" , [] , [] ) "stays code"
    , Str "\""
    , Space
    , Str "because"
    , Space
    , Str "literals"
    , Space
    , Str "are"
    , Space
    , Str "never"
    , Space
    , Str "suppressed."
    ]
]
