---
source: crates/carta/tests/golden_reader.rs
expression: json
---
{"pandoc-api-version":[1,23,1,2],"meta":{},"blocks":[{"t":"BulletList","c":[[{"t":"Plain","c":[{"t":"Str","c":"first"},{"t":"Space"},{"t":"Str","c":"with"},{"t":"Space"},{"t":"Str","c":"a"},{"t":"Space"},{"t":"Str","c":"dash"}]}],[{"t":"Plain","c":[{"t":"Str","c":"second"},{"t":"Space"},{"t":"Str","c":"with"},{"t":"Space"},{"t":"Str","c":"a"},{"t":"Space"},{"t":"Str","c":"dash"}]}],[{"t":"Plain","c":[{"t":"Str","c":"third"},{"t":"Space"},{"t":"Str","c":"with"},{"t":"Space"},{"t":"Str","c":"a"},{"t":"Space"},{"t":"Str","c":"star"}]}],[{"t":"Plain","c":[{"t":"Str","c":"fourth"},{"t":"Space"},{"t":"Str","c":"with"},{"t":"Space"},{"t":"Str","c":"a"},{"t":"Space"},{"t":"Str","c":"star"}]}],[{"t":"Plain","c":[{"t":"Str","c":"fifth"},{"t":"Space"},{"t":"Str","c":"with"},{"t":"Space"},{"t":"Str","c":"a"},{"t":"Space"},{"t":"Str","c":"plus"}]}]]}]}
