---
source: crates/carta/tests/golden_reader.rs
expression: json
---
{"pandoc-api-version":[1,23,1,2],"meta":{},"blocks":[{"t":"Para","c":[{"t":"Str","c":"See"},{"t":"Space"},{"t":"Span","c":[["",["citation"],[["cites","x"]]],[{"t":"Str","c":"(X"},{"t":"Space"},{"t":"Str","c":"2020)"}]]},{"t":"Str","c":"."}]}]}
