---
source: crates/carta/tests/golden_reader.rs
expression: json
---
{"pandoc-api-version":[1,23,1,2],"meta":{},"blocks":[{"t":"BlockQuote","c":[{"t":"Para","c":[{"t":"Str","c":"A"},{"t":"Space"},{"t":"Str","c":"single"},{"t":"Space"},{"t":"Str","c":"quoted"},{"t":"Space"},{"t":"Str","c":"line."}]}]},{"t":"BlockQuote","c":[{"t":"Para","c":[{"t":"Str","c":"A"},{"t":"Space"},{"t":"Str","c":"quoted"},{"t":"Space"},{"t":"Str","c":"paragraph"},{"t":"Space"},{"t":"Str","c":"inside"},{"t":"Space"},{"t":"Str","c":"a"},{"t":"Space"},{"t":"Str","c":"block."}]}]}]}
