---
source: crates/carta/tests/golden_reader.rs
expression: json
---
{"pandoc-api-version":[1,23,1,2],"meta":{},"blocks":[{"t":"RawBlock","c":["html","<div class=\"block\">\n\nA paragraph inside a raw HTML block.\n\n</div>"]},{"t":"Para","c":[{"t":"Str","c":"A"},{"t":"Space"},{"t":"Str","c":"paragraph"},{"t":"Space"},{"t":"Str","c":"with"},{"t":"Space"},{"t":"RawInline","c":["html","<span>"]},{"t":"Str","c":"inline"},{"t":"Space"},{"t":"Str","c":"raw"},{"t":"Space"},{"t":"Str","c":"HTML"},{"t":"RawInline","c":["html","</span>"]},{"t":"Space"},{"t":"Str","c":"inside."}]}]}
