---
source: crates/carta/tests/golden_e2e.rs
expression: output
---
\section{INSETS}\label{insets}

Leading paragraph at the section level.

\begin{quote}
An inset paragraph one level in.

\begin{quote}
A further inset paragraph two levels in.
\end{quote}
\end{quote}

Trailing paragraph back at the section level.
