---
source: crates/carta/tests/golden_reader.rs
expression: json
---
{"pandoc-api-version":[1,23,1,2],"meta":{"identifier":{"t":"MetaInlines","c":[{"t":"Str","c":"urn:uuid:f6-inline-code-space"}]},"language":{"t":"MetaInlines","c":[{"t":"Str","c":"en"}]},"title":{"t":"MetaInlines","c":[{"t":"Str","c":"Inline code whitespace"}]}},"blocks":[{"t":"Para","c":[{"t":"Span","c":[["c1.xhtml",[],[]],[]]}]},{"t":"Para","c":[{"t":"Code","c":[["",[],[]]," a b "]}]}]}
