---
source: crates/carta/tests/golden_e2e.rs
expression: output
---
Plain, *emphasized*, **strong**, **bold**, *underlined* and
[STRIKEOUT:struck] runs.

Water is H\ :sub:`2`\ O and the area is r\ :sup:`2`.

A “quotation ‘inside’ another” alternates its marks.

Code faces: ``literal``, ``ls``, ``/etc/hosts``, ``strlen``, ``Widget``,
``PATH``, ``--verbose``, ``done``, ``MAX``, ``count``, ``<br/>``, and
``(...)``.

Fill in <name> and maybe [a flag].

A *lingua franca* and a *word*.

A bare phrase carries nothing extra.

Press Ctrl+C or pick File > Save.

An anchored spot.
