---
source: crates/carta/tests/golden_e2e.rs
expression: output
---
[ Table
    ( "" , [] , [] )
    (Caption Nothing [])
    [ ( AlignDefault , ColWidthDefault ) ]
    (TableHead ( "" , [] , [] ) [])
    [ TableBody
        ( "" , [] , [] )
        (RowHeadColumns 0)
        []
        [ Row
            ( "" , [] , [] )
            [ Cell
                ( "" , [] , [] )
                AlignDefault
                (RowSpan 1)
                (ColSpan 1)
                [ Plain
                    [ Str "A"
                    , Space
                    , Str "Title"
                    , Space
                    , Str "Longer"
                    , Space
                    , Str "Than"
                    , Space
                    , Str "Its"
                    , Space
                    , Str "Rule"
                    ]
                ]
            ]
        ]
    ]
    (TableFoot ( "" , [] , [] ) [])
, Para
    [ Str "Body"
    , Space
    , Str "paragraph"
    , Space
    , Str "after."
    ]
]
