---
source: crates/carta/tests/golden_e2e.rs
expression: output
---
A literal block is introduced by a double colon:

\begin{verbatim}
literal text is preserved
    including its indentation
verbatim
\end{verbatim}

The marker can also stand alone:

\begin{verbatim}
another literal block
\end{verbatim}
