---
source: crates/carta/tests/golden_reader.rs
expression: json
---
{"pandoc-api-version":[1,23,1,2],"meta":{},"blocks":[{"t":"Para","c":[{"t":"Str","c":"The"},{"t":"Space"},{"t":"Str","c":"first"},{"t":"Space"},{"t":"Str","c":"paragraph"},{"t":"Space"},{"t":"Str","c":"spans"},{"t":"SoftBreak"},{"t":"Str","c":"two"},{"t":"Space"},{"t":"Str","c":"source"},{"t":"Space"},{"t":"Str","c":"lines"},{"t":"Space"},{"t":"Str","c":"joined"},{"t":"Space"},{"t":"Str","c":"by"},{"t":"Space"},{"t":"Str","c":"a"},{"t":"Space"},{"t":"Str","c":"soft"},{"t":"Space"},{"t":"Str","c":"break."}]},{"t":"Para","c":[{"t":"Str","c":"A"},{"t":"Space"},{"t":"Str","c":"second"},{"t":"Space"},{"t":"Str","c":"paragraph"},{"t":"Space"},{"t":"Str","c":"follows"},{"t":"Space"},{"t":"Str","c":"after"},{"t":"Space"},{"t":"Str","c":"a"},{"t":"Space"},{"t":"Str","c":"blank"},{"t":"Space"},{"t":"Str","c":"line."}]}]}
