---
source: crates/carta/tests/golden_reader.rs
expression: json
---
{"pandoc-api-version":[1,23,1,2],"meta":{"jupyter":{"t":"MetaMap","c":{"kernelspec":{"t":"MetaMap","c":{"display_name":{"t":"MetaString","c":"Python 3"},"language":{"t":"MetaString","c":"python"},"name":{"t":"MetaString","c":"python3"}}},"nbformat":{"t":"MetaString","c":"4"},"nbformat_minor":{"t":"MetaString","c":"5"}}}},"blocks":[{"t":"Div","c":[["streams",["cell","code"],[["execution_count","1"]]],[{"t":"CodeBlock","c":[["",["python"],[]],"import sys\nprint(42)\nsys.stderr.write(\"warning\\n\")"]},{"t":"Div","c":[["",["output","stream","stdout"],[]],[{"t":"CodeBlock","c":[["",[],[]],"42\n"]}]]},{"t":"Div","c":[["",["output","stream","stderr"],[]],[{"t":"CodeBlock","c":[["",[],[]],"warning\n"]}]]}]]}]}
