---
source: crates/carta/tests/golden_e2e.rs
expression: output
---
[ Table
    ( "rates" , [] , [] )
    (Caption
       Nothing
       [ Plain
           [ Str "A" , Space , Str "formal" , Space , Str "table" ]
       ])
    [ ( AlignLeft , ColWidthDefault )
    , ( AlignRight , ColWidthDefault )
    , ( AlignCenter , ColWidthDefault )
    ]
    (TableHead
       ( "" , [] , [] )
       [ Row
           ( "" , [] , [] )
           [ Cell
               ( "" , [] , [] )
               AlignDefault
               (RowSpan 1)
               (ColSpan 1)
               [ Plain [ Str "Name" ] ]
           , Cell
               ( "" , [] , [] )
               AlignDefault
               (RowSpan 1)
               (ColSpan 1)
               [ Plain [ Str "Count" ] ]
           , Cell
               ( "" , [] , [] )
               AlignDefault
               (RowSpan 1)
               (ColSpan 1)
               [ Plain [ Str "Note" ] ]
           ]
       ])
    [ TableBody
        ( "" , [] , [] )
        (RowHeadColumns 0)
        []
        [ Row
            ( "" , [] , [] )
            [ Cell
                ( "" , [] , [] )
                AlignDefault
                (RowSpan 1)
                (ColSpan 1)
                [ Plain [ Str "First" ] ]
            , Cell
                ( "" , [] , [] )
                AlignDefault
                (RowSpan 1)
                (ColSpan 1)
                [ Plain [ Str "1" ] ]
            , Cell
                ( "" , [] , [] )
                AlignDefault
                (RowSpan 1)
                (ColSpan 1)
                [ Para
                    [ Str "A"
                    , Space
                    , Str "cell"
                    , Space
                    , Str "holding"
                    , Space
                    , Str "a"
                    , Space
                    , Str "paragraph."
                    ]
                ]
            ]
        , Row
            ( "" , [] , [] )
            [ Cell
                ( "" , [] , [] )
                AlignDefault
                (RowSpan 1)
                (ColSpan 1)
                [ Plain [ Str "Second" ] ]
            , Cell
                ( "" , [] , [] )
                AlignDefault
                (RowSpan 1)
                (ColSpan 1)
                [ Plain [ Str "2" ] ]
            , Cell
                ( "" , [] , [] ) AlignDefault (RowSpan 1) (ColSpan 1) []
            ]
        ]
    ]
    (TableFoot ( "" , [] , [] ) [])
, Table
    ( "" , [] , [] )
    (Caption Nothing [])
    [ ( AlignDefault , ColWidthDefault )
    , ( AlignDefault , ColWidthDefault )
    ]
    (TableHead ( "" , [] , [] ) [])
    [ TableBody
        ( "" , [] , [] )
        (RowHeadColumns 0)
        []
        [ Row
            ( "" , [] , [] )
            [ Cell
                ( "" , [] , [] )
                AlignDefault
                (RowSpan 1)
                (ColSpan 1)
                [ Plain [ Str "a" ] ]
            , Cell
                ( "" , [] , [] )
                AlignDefault
                (RowSpan 1)
                (ColSpan 1)
                [ Plain [ Str "b" ] ]
            ]
        ]
    ]
    (TableFoot ( "" , [] , [] ) [])
]
