---
source: crates/carta/tests/golden_reader.rs
expression: json
---
{"pandoc-api-version":[1,23,1,2],"meta":{},"blocks":[{"t":"Para","c":[{"t":"Str","c":"A"},{"t":"Space"},{"t":"Str","c":"paragraph"},{"t":"Space"},{"t":"Str","c":"above"},{"t":"Space"},{"t":"Str","c":"the"},{"t":"Space"},{"t":"Str","c":"transition."}]},{"t":"HorizontalRule"},{"t":"Para","c":[{"t":"Str","c":"A"},{"t":"Space"},{"t":"Str","c":"paragraph"},{"t":"Space"},{"t":"Str","c":"below"},{"t":"Space"},{"t":"Str","c":"the"},{"t":"Space"},{"t":"Str","c":"transition."}]}]}
