---
source: crates/carta/tests/golden_reader.rs
expression: json
---
{"pandoc-api-version":[1,23,1,2],"meta":{},"blocks":[{"t":"Para","c":[{"t":"Str","c":"Hello"},{"t":"Space"},{"t":"Str","c":"world."},{"t":"Space"},{"t":"Str","c":"This"},{"t":"Space"},{"t":"Str","c":"is"},{"t":"Space"},{"t":"Str","c":"a"},{"t":"Space"},{"t":"Str","c":"paragraph."}]},{"t":"Para","c":[{"t":"Str","c":"A"},{"t":"Space"},{"t":"Str","c":"second"},{"t":"Space"},{"t":"Str","c":"paragraph"},{"t":"Space"},{"t":"Str","c":"with"},{"t":"Space"},{"t":"Str","c":"several"},{"t":"Space"},{"t":"Str","c":"words."}]}]}
