---
source: crates/carta/tests/golden_reader.rs
expression: json
---
{"pandoc-api-version":[1,23,1,2],"meta":{"jupyter":{"t":"MetaMap","c":{"kernelspec":{"t":"MetaMap","c":{"display_name":{"t":"MetaString","c":"Python 3"},"language":{"t":"MetaString","c":"python"},"name":{"t":"MetaString","c":"python3"}}},"nbformat":{"t":"MetaString","c":"4"},"nbformat_minor":{"t":"MetaString","c":"5"}}}},"blocks":[{"t":"Div","c":[["equations",["cell","markdown"],[]],[{"t":"Para","c":[{"t":"Str","c":"Inline"},{"t":"Space"},{"t":"Str","c":"math"},{"t":"Space"},{"t":"Math","c":[{"t":"InlineMath"},"a^2 + b^2 = c^2"]},{"t":"Space"},{"t":"Str","c":"within"},{"t":"Space"},{"t":"Str","c":"a"},{"t":"Space"},{"t":"Str","c":"sentence,"},{"t":"Space"},{"t":"Str","c":"and"},{"t":"Space"},{"t":"Str","c":"a"},{"t":"Space"},{"t":"Str","c":"display"},{"t":"Space"},{"t":"Str","c":"equation:"}]},{"t":"Para","c":[{"t":"Math","c":[{"t":"DisplayMath"},"E = mc^2"]}]}]]}]}
