---
source: crates/carta/tests/golden_reader.rs
expression: json
---
{"pandoc-api-version":[1,23,1,2],"meta":{},"blocks":[{"t":"Table","c":[["",[],[]],[null,[]],[[{"t":"AlignDefault"},{"t":"ColWidthDefault"}]],[["",[],[]],[]],[[["",[],[]],0,[],[[["",[],[]],[[["",[],[]],{"t":"AlignDefault"},1,1,[{"t":"Plain","c":[{"t":"Str","c":"A"},{"t":"Space"},{"t":"Str","c":"Title"},{"t":"Space"},{"t":"Str","c":"Longer"},{"t":"Space"},{"t":"Str","c":"Than"},{"t":"Space"},{"t":"Str","c":"Its"},{"t":"Space"},{"t":"Str","c":"Rule"}]}]]]]]]],[["",[],[]],[]]]},{"t":"Para","c":[{"t":"Str","c":"Body"},{"t":"Space"},{"t":"Str","c":"paragraph"},{"t":"Space"},{"t":"Str","c":"after."}]}]}
