---
source: crates/carta/tests/golden_reader.rs
expression: json
---
{"pandoc-api-version":[1,23,1,2],"meta":{},"blocks":[{"t":"Para","c":[{"t":"Str","c":"A"},{"t":"Space"},{"t":"Str","c":"line"},{"t":"Space"},{"t":"Str","c":"with"},{"t":"Space"},{"t":"RawInline","c":["latex","\\custommacro{arg}"]},{"t":"Space"},{"t":"Str","c":"inline."}]},{"t":"RawBlock","c":["latex","\\begin{custombox}\nBody of a custom environment.\n\\end{custombox}"]}]}
