---
source: crates/carta/tests/golden_reader.rs
expression: json
---
{"pandoc-api-version":[1,23,1,2],"meta":{},"blocks":[{"t":"Header","c":[1,["",[],[]],[{"t":"Str","c":"First"},{"t":"Space"},{"t":"Str","c":"Section"}]]},{"t":"Para","c":[{"t":"Str","c":"Text."}]},{"t":"Header","c":[2,["",[],[]],[{"t":"Str","c":"A"},{"t":"Space"},{"t":"Str","c":"Sub-Section,"},{"t":"Space"},{"t":"Str","c":"With"},{"t":"Space"},{"t":"Str","c":"Punctuation!"}]]},{"t":"Para","c":[{"t":"Str","c":"More"},{"t":"Space"},{"t":"Str","c":"text."}]}]}
