---
source: crates/carta/tests/golden_e2e.rs
expression: output
---
[ Table
    ( "" , [] , [] )
    (Caption Nothing [])
    [ ( AlignDefault , ColWidthDefault )
    , ( AlignDefault , ColWidthDefault )
    ]
    (TableHead
       ( "" , [] , [] )
       [ Row
           ( "" , [] , [] )
           [ Cell
               ( "" , [] , [] )
               AlignDefault
               (RowSpan 1)
               (ColSpan 1)
               [ Para [ Str "Name" ] ]
           , Cell
               ( "" , [] , [] )
               AlignDefault
               (RowSpan 1)
               (ColSpan 1)
               [ Para [ Str "Age" ] ]
           ]
       ])
    [ TableBody
        ( "" , [] , [] )
        (RowHeadColumns 0)
        []
        [ Row
            ( "" , [] , [] )
            [ Cell
                ( "" , [] , [] )
                AlignDefault
                (RowSpan 1)
                (ColSpan 1)
                [ Para [ Str "Alice" ] ]
            , Cell
                ( "" , [] , [] )
                AlignDefault
                (RowSpan 1)
                (ColSpan 1)
                [ Para [ Str "30" ] ]
            ]
        , Row
            ( "" , [] , [] )
            [ Cell
                ( "" , [] , [] )
                AlignDefault
                (RowSpan 1)
                (ColSpan 1)
                [ Para [ Str "Bob" ] ]
            , Cell
                ( "" , [] , [] )
                AlignDefault
                (RowSpan 1)
                (ColSpan 1)
                [ Para [ Str "25" ] ]
            ]
        ]
    ]
    (TableFoot ( "" , [] , [] ) [])
]
