---
source: crates/carta/tests/golden_e2e.rs
expression: output
---
<ul>
<li>First item</li>
<li>Second item</li>
<li>Third item</li>
</ul>
<p>A nested list inside a loose list:</p>
<ul>
<li><p>Parent one</p>
<ul>
<li>Child one</li>
<li>Child two</li>
</ul></li>
<li><p>Parent two</p>
<p>Second paragraph of parent two.</p></li>
</ul>
