---
source: crates/carta/tests/golden_writer.rs
expression: output
---
{"pandoc-api-version":[1,23,1,2],"meta":{},"blocks":[{"t":"Table","c":[["tbl",["fancy"],[["key","value"]]],[null,[{"t":"Plain","c":[{"t":"Str","c":"Captioned"},{"t":"Space"},{"t":"Str","c":"and"},{"t":"Space"},{"t":"Str","c":"attributed"}]}]],[[{"t":"AlignDefault"},{"t":"ColWidthDefault"}],[{"t":"AlignDefault"},{"t":"ColWidthDefault"}]],[["",[],[]],[[["",[],[]],[[["",[],[]],{"t":"AlignDefault"},1,1,[{"t":"Plain","c":[{"t":"Str","c":"h1"}]}]],[["",[],[]],{"t":"AlignDefault"},1,1,[{"t":"Plain","c":[{"t":"Str","c":"h2"}]}]]]]]],[[["",[],[]],0,[],[[["",["odd"],[]],[[["cell-id",[],[]],{"t":"AlignDefault"},1,1,[{"t":"Plain","c":[{"t":"Str","c":"a"}]}]],[["",[],[]],{"t":"AlignDefault"},1,1,[{"t":"Plain","c":[{"t":"Str","c":"b"}]}]]]]]]],[["",[],[]],[]]]}]}
