---
source: crates/carta/tests/golden_reader.rs
expression: json
---
{"pandoc-api-version":[1,23,1,2],"meta":{},"blocks":[{"t":"Para","c":[{"t":"Str","c":"This"},{"t":"Space"},{"t":"Str","c":"is"},{"t":"Space"},{"t":"Span","c":[["",["mark"],[]],[{"t":"Str","c":"marked"}]]},{"t":"Space"},{"t":"Str","c":"text."}]}]}
