---
source: crates/carta/tests/golden_reader.rs
expression: json
---
{"pandoc-api-version":[1,23,1,2],"meta":{},"blocks":[{"t":"Figure","c":[["",[],[]],[null,[{"t":"Plain","c":[{"t":"Str","c":"The"},{"t":"Space"},{"t":"Str","c":"caption"},{"t":"Space"},{"t":"Str","c":"line."}]},{"t":"Para","c":[{"t":"Str","c":"A"},{"t":"Space"},{"t":"Str","c":"first"},{"t":"Space"},{"t":"Str","c":"legend"},{"t":"Space"},{"t":"Str","c":"paragraph."}]},{"t":"Para","c":[{"t":"Str","c":"A"},{"t":"Space"},{"t":"Str","c":"second"},{"t":"Space"},{"t":"Str","c":"legend"},{"t":"Space"},{"t":"Str","c":"paragraph."}]}]],[{"t":"Plain","c":[{"t":"Image","c":[["",[],[]],[{"t":"Str","c":"The"},{"t":"Space"},{"t":"Str","c":"caption"},{"t":"Space"},{"t":"Str","c":"line."}],["chart.png",""]]}]}]]}]}
