---
source: crates/carta/tests/golden_reader.rs
expression: json
---
{"pandoc-api-version":[1,23,1,2],"meta":{"section":{"t":"MetaInlines","c":[{"t":"Str","c":"1"}]},"title":{"t":"MetaInlines","c":[{"t":"Str","c":"T"}]}},"blocks":[{"t":"Header","c":[1,["conditionals",[],[]],[{"t":"Str","c":"CONDITIONALS"}]]},{"t":"Para","c":[{"t":"Str","c":"nroff-only"},{"t":"Space"},{"t":"Str","c":"text"},{"t":"Space"},{"t":"Str","c":"is"},{"t":"Space"},{"t":"Str","c":"kept"},{"t":"Space"},{"t":"Str","c":"a"},{"t":"Space"},{"t":"Str","c":"true"},{"t":"Space"},{"t":"Str","c":"constant"},{"t":"Space"},{"t":"Str","c":"is"},{"t":"Space"},{"t":"Str","c":"kept"},{"t":"Space"},{"t":"Str","c":"the"},{"t":"Space"},{"t":"Str","c":"if-else"},{"t":"Space"},{"t":"Str","c":"true"},{"t":"Space"},{"t":"Str","c":"branch"},{"t":"Space"},{"t":"Str","c":"is"},{"t":"Space"},{"t":"Str","c":"kept"},{"t":"Space"},{"t":"Str","c":"this"},{"t":"Space"},{"t":"Str","c":"else"},{"t":"Space"},{"t":"Str","c":"branch"},{"t":"Space"},{"t":"Str","c":"is"},{"t":"Space"},{"t":"Str","c":"kept"}]}]}
