---
source: crates/carta/tests/golden_reader.rs
expression: json
---
{"pandoc-api-version":[1,23,1,2],"meta":{},"blocks":[{"t":"Para","c":[{"t":"Str","c":"Text"},{"t":"Space"},{"t":"Span","c":[["",["title-ref"],[]],[{"t":"Space"},{"t":"Str","c":"spaced"},{"t":"Space"}]]},{"t":"Space"},{"t":"Str","c":"and"},{"t":"Space"},{"t":"Str","c":"more"},{"t":"Space"},{"t":"Str","c":"after"},{"t":"Space"},{"t":"Str","c":"the"},{"t":"Space"},{"t":"Str","c":"role."}]}]}
