---
source: crates/carta/tests/golden_reader.rs
expression: json
---
{"pandoc-api-version":[1,23,1,2],"meta":{"jupyter":{"t":"MetaMap","c":{"kernelspec":{"t":"MetaMap","c":{"display_name":{"t":"MetaString","c":"Python 3"},"language":{"t":"MetaString","c":"python"},"name":{"t":"MetaString","c":"python3"}}},"nbformat":{"t":"MetaString","c":"4"},"nbformat_minor":{"t":"MetaString","c":"5"}}}},"blocks":[{"t":"Div","c":[["intraword",["cell","markdown"],[]],[{"t":"Para","c":[{"t":"Str","c":"a"},{"t":"Emph","c":[{"t":"Str","c":"b"}]},{"t":"Str","c":"c"},{"t":"Space"},{"t":"Str","c":"and"},{"t":"Space"},{"t":"Str","c":"snake"},{"t":"Emph","c":[{"t":"Str","c":"case"}]},{"t":"Str","c":"name"},{"t":"Space"},{"t":"Str","c":"here"}]}]]}]}
