---
source: crates/carta/tests/golden_writer.rs
expression: output
---
{"pandoc-api-version":[1,23,1,2],"meta":{},"blocks":[{"t":"Table","c":[["",[],[]],[null,[]],[[{"t":"AlignDefault"},{"t":"ColWidthDefault"}],[{"t":"AlignDefault"},{"t":"ColWidthDefault"}],[{"t":"AlignDefault"},{"t":"ColWidthDefault"}]],[["",[],[]],[[["",[],[]],[[["",[],[]],{"t":"AlignDefault"},1,1,[{"t":"Plain","c":[{"t":"Str","c":"col1"}]}]],[["",[],[]],{"t":"AlignDefault"},1,1,[{"t":"Plain","c":[{"t":"Str","c":"col2"},{"t":"Space"}]}]],[["",[],[]],{"t":"AlignDefault"},1,1,[{"t":"Plain","c":[{"t":"Str","c":"col3"}]}]]]]]],[[["",[],[]],0,[],[[["",[],[]],[[["",[],[]],{"t":"AlignDefault"},1,1,[{"t":"Plain","c":[{"t":"Space"},{"t":"Str","c":"a"},{"t":"Space"}]}]],[["",[],[]],{"t":"AlignDefault"},1,1,[{"t":"Plain","c":[{"t":"Str","c":"spaced"},{"t":"Space"},{"t":"Str","c":"text"},{"t":"Space"}]}]],[["",[],[]],{"t":"AlignDefault"},1,1,[{"t":"Plain","c":[{"t":"Str","c":"trailing"},{"t":"Space"}]}]]]]]]],[["",[],[]],[]]]}]}
