---
source: crates/carta/tests/golden_writer.rs
expression: output
---
{"pandoc-api-version":[1,23,1,2],"meta":{},"blocks":[{"t":"Para","c":[{"t":"Str","c":"ref"},{"t":"Note","c":[{"t":"Para","c":[{"t":"Str","c":"the"},{"t":"Space"},{"t":"Str","c":"note"},{"t":"Space"},{"t":"Str","c":"body"}]}]}]}]}
