---
source: crates/carta/tests/golden_e2e.rs
expression: output
---
Hello, Ada! Hi, Bob!

left and right

3 positional, cm

one leads 2 others

{| class="wikitable"
|-
| style="text-align: left;"| A
| style="text-align: right;"| B
|-
| style="text-align: left;"| C
| style="text-align: right;"| D
|}

* alpha
* beta
