---
source: crates/carta/tests/golden_reader.rs
expression: json
---
{"pandoc-api-version":[1,23,1,2],"meta":{},"blocks":[{"t":"BlockQuote","c":[{"t":"Plain","c":[{"t":"Str","c":"A"},{"t":"Space"},{"t":"Str","c":"first"},{"t":"Space"},{"t":"Str","c":"line"},{"t":"Space"},{"t":"Str","c":"of"},{"t":"Space"},{"t":"Str","c":"the"},{"t":"Space"},{"t":"Str","c":"quotation"},{"t":"LineBreak"},{"t":"Str","c":"continues"},{"t":"Space"},{"t":"Str","c":"on"},{"t":"Space"},{"t":"Str","c":"a"},{"t":"Space"},{"t":"Str","c":"second"},{"t":"Space"},{"t":"Str","c":"line."},{"t":"LineBreak"},{"t":"Str","c":"back"},{"t":"Space"},{"t":"Str","c":"on"},{"t":"Space"},{"t":"Str","c":"the"},{"t":"Space"},{"t":"Str","c":"same"},{"t":"Space"},{"t":"Str","c":"level."}]}]}]}
