---
source: crates/carta/tests/golden_e2e.rs
expression: output
---
A bold identifier: **v**.

Faces on single tokens: *x*ℒ𝔤ℝs`t`.

Faces on text:
$\textbf{bold words}\textit{\textbf{both}}\textbf{\textit{\textsf{all three}}}$.

A face inherited by a whole row: **a** + **b**.

A face inherited through nested constructs:
$\frac{\mathfrak{p}}{\mathfrak{q}}\sqrt{\mathcal{y}}$.

A token overriding the face it inherits: **a**`b`.

<div class="informalequation">

**u** **=** **w**

</div>
