---
source: crates/carta/tests/golden_e2e.rs
expression: output
---
1.  First
2.  Second
3.  Third

Lower-alpha with parens:

1)  Alpha
2)  Beta

Roman starting past one:

4.  Four
5.  Five

Auto-numbered items continue the established style:

1.  Explicit one
2.  Explicit two
3.  Auto three
4.  Auto four
