---
source: crates/carta/tests/golden_e2e.rs
expression: output
---
[ Table
    ( "" , [] , [] )
    (Caption Nothing [])
    [ ( AlignDefault , ColWidthDefault ) ]
    (TableHead
       ( "" , [] , [] )
       [ Row
           ( "" , [] , [] )
           [ Cell
               ( "" , [] , [] )
               AlignDefault
               (RowSpan 1)
               (ColSpan 1)
               [ Plain [ Str "fruit" ] ]
           ]
       ])
    [ TableBody
        ( "" , [] , [] )
        (RowHeadColumns 0)
        []
        [ Row
            ( "" , [] , [] )
            [ Cell
                ( "" , [] , [] )
                AlignDefault
                (RowSpan 1)
                (ColSpan 1)
                [ Plain [ Str "apple" ] ]
            ]
        , Row
            ( "" , [] , [] )
            [ Cell
                ( "" , [] , [] )
                AlignDefault
                (RowSpan 1)
                (ColSpan 1)
                [ Plain [ Str "banana" ] ]
            ]
        , Row
            ( "" , [] , [] )
            [ Cell
                ( "" , [] , [] )
                AlignDefault
                (RowSpan 1)
                (ColSpan 1)
                [ Plain [ Str "cherry" ] ]
            ]
        ]
    ]
    (TableFoot ( "" , [] , [] ) [])
]
